C51 COMPILER V9.51   MAIN                                                                  05/07/2014 13:51:57 PAGE 1   


C51 COMPILER V9.51, COMPILATION OF MODULE MAIN
OBJECT MODULE PLACED IN .\DP8051\DP8051_Keil_951\Debug\main.obj
COMPILER INVOKED BY: C:\Program Files\Cypress\PSoC Creator\3.0\PSoC Creator\import\keil\pk51\9.51\C51\BIN\c51.exe .\main
                    -.c NOIV LARGE MODDP2 OMF2 VB(1) PR(.\DP8051\DP8051_Keil_951\Debug\main.lst) CD DB NOIP OT(2,SIZE) INCDIR(.,.\Generated_S
                    -ource\PSoC3) OJ(.\DP8051\DP8051_Keil_951\Debug\main.obj)

line level    source

   1          /* ========================================
   2           *
   3           * Copyright QMAX TEST EQUIPMENTS, 2014
   4           * All Rights Reserved
   5           * UNPUBLISHED, LICENSED SOFTWARE.
   6           * AUTHOR : RAVIVARMAN.R
   7           * CONFIDENTIAL AND PROPRIETARY INFORMATION
   8           * WHICH IS THE PROPERTY OF QMAX TEST EQUIPMENTS.
   9           * ========================================
  10          */
  11          #include <device.h>
  12          //Word address
  13          //      #define ADDR_MSB 0x00 
  14          //      #define ADDR_LSB 0x00 
  15          //        #define DATA 0x77 
  16          
  17          //Slave address
  18          //      #define SLAVE_ADDR 0x50
  19          
  20          //Message is the data which has to be written to EEPROM. 
  21          //First data in this array is Word address
  22          //      uint8 cMessage[] = {ADDR_MSB,ADDR_LSB,DATA};
  23          //      uint8 dummy[] = {ADDR_MSB,ADDR_LSB};
  24          // buffer to save read back data
  25          //      uint8 cRx_Buffer[15]; 
  26          
  27          // Length of data to be written including word address
  28          //      uint8 cLength = 0x4; 
  29          
  30          //      uint8 cStatus,cIndex,cPosn;
  31          int main()
  32          {
  33   1              /* Initializations */
  34   1          uint8 m_u8Data=0,m_u8DataPrev=0xf;
  35   1      
  36   1              // enable global interrupts
  37   1              CYGlobalIntEnable;  
  38   1              
  39   1              // enable I2C interrupts
  40   1      //              I2C_1_EnableInt();  
  41   1              
  42   1              //Start I2C
  43   1      //              I2C_1_Start();  
  44   1          
  45   1              /* Clear All Relays */
  46   1              CyPins_ClearPin(RL1_CTR_P0_2);
  47   1              CyPins_ClearPin(RL2_CTR_P0_1);
  48   1              CyPins_ClearPin(RL3_CTR_P0_0);
  49   1              CyPins_ClearPin(RL4_CTR_P4_1);
  50   1              CyPins_ClearPin(RL5_CTR_P4_0);
  51   1              CyPins_ClearPin(RL6_CTR_P12_3);
  52   1              CyPins_ClearPin(RL7_CTR_P12_2);
  53   1                              
C51 COMPILER V9.51   MAIN                                                                  05/07/2014 13:51:57 PAGE 2   

  54   1              /* Set AC & DC Voltage as Default */
  55   1              CyPins_SetPin(RL2_CTR_P0_1);
  56   1          CyDelay(10);// 10 milli seconds delay
  57   1              
  58   1          for(;;)
  59   1          {
  60   2                      m_u8Data=0;
  61   2                      if(CyPins_ReadPin(ISO_DI0_P15_3)!=0)
  62   2                          m_u8Data |= 1;
  63   2                      else
  64   2                          m_u8Data |= 0;
  65   2                      
  66   2                      if(CyPins_ReadPin(ISO_DI1_P15_2)!=0)
  67   2                          m_u8Data |= 1<<1;
  68   2                      else
  69   2                          m_u8Data |= 0<<1;
  70   2                      
  71   2                      if(CyPins_ReadPin(ISO_DI2_P3_7)!=0)
  72   2                          m_u8Data |= 1<<2;
  73   2                      else
  74   2                          m_u8Data |= 0<<2;
  75   2                      
  76   2      
  77   2                      if((m_u8Data != m_u8DataPrev) && (m_u8Data != 0x07) ){
  78   3                      
  79   3                          m_u8DataPrev = m_u8Data;
  80   3                          
  81   3                                      switch(m_u8Data)
  82   3                                      {
  83   4                                              case 0x00:                                                                      //ACV & DCV Mode
  84   4                                                      CyPins_ClearPin(RL1_CTR_P0_2);
  85   4                                                      CyPins_ClearPin(RL3_CTR_P0_0);
  86   4                                                      CyPins_ClearPin(RL4_CTR_P4_1);
  87   4                                                      CyPins_ClearPin(RL5_CTR_P4_0);
  88   4                                                      CyPins_ClearPin(RL6_CTR_P12_3);
  89   4                                                      CyPins_ClearPin(RL7_CTR_P12_2);
  90   4                                                      CyDelay(10);// 10 milli seconds delay
  91   4                              CyPins_SetPin(RL2_CTR_P0_1);
  92   4                              CyDelay(10);// 10 milli seconds delay
  93   4                                              break;
  94   4      
  95   4                                              case 0x01:                                                                      //ACmV & DCmV Mode
  96   4                                                      CyPins_ClearPin(RL2_CTR_P0_1);
  97   4                                                      CyPins_ClearPin(RL3_CTR_P0_0);
  98   4                                                      CyPins_ClearPin(RL4_CTR_P4_1);
  99   4                                                      CyPins_ClearPin(RL5_CTR_P4_0);
 100   4                                                      CyPins_ClearPin(RL6_CTR_P12_3);
 101   4                                                      CyPins_ClearPin(RL7_CTR_P12_2);
 102   4                                                      CyDelay(10);// 10 milli seconds delay
 103   4                              CyPins_SetPin(RL1_CTR_P0_2);
 104   4                              CyDelay(10);// 10 milli seconds delay
 105   4                                              break;
 106   4                                              case 0x02:                                                                      //ACI & DCI Mode        -       Amps
 107   4                                                      CyPins_ClearPin(RL1_CTR_P0_2);
 108   4                                                      CyPins_ClearPin(RL2_CTR_P0_1);
 109   4                                                      CyPins_ClearPin(RL3_CTR_P0_0);
 110   4                                                      CyPins_ClearPin(RL4_CTR_P4_1);
 111   4                                                      CyPins_ClearPin(RL5_CTR_P4_0);
 112   4                                                      CyPins_ClearPin(RL7_CTR_P12_2);
 113   4                                                      CyDelay(10);// 10 milli seconds delay
 114   4                              CyPins_SetPin(RL6_CTR_P12_3);
 115   4                              CyDelay(10);// 10 milli seconds delay
C51 COMPILER V9.51   MAIN                                                                  05/07/2014 13:51:57 PAGE 3   

 116   4                                              break;
 117   4                                              case 0x03:                                                                      //ACI & DCI Mode        -       mA
 118   4                                                      CyPins_ClearPin(RL1_CTR_P0_2);
 119   4                                                      CyPins_ClearPin(RL2_CTR_P0_1);
 120   4                                                      CyPins_ClearPin(RL3_CTR_P0_0);
 121   4                                                      CyPins_ClearPin(RL4_CTR_P4_1);
 122   4                                                      CyPins_ClearPin(RL6_CTR_P12_3);
 123   4                                                      CyPins_ClearPin(RL7_CTR_P12_2);
 124   4                                                      CyDelay(10);// 10 milli seconds delay
 125   4                              CyPins_SetPin(RL5_CTR_P4_0);
 126   4                              CyDelay(10);// 10 milli seconds delay
 127   4                                              break;
 128   4                                              case 0x04:                                                                      //ACI & DCI Mode        -       uA
 129   4                                                      CyPins_ClearPin(RL1_CTR_P0_2);
 130   4                                                      CyPins_ClearPin(RL2_CTR_P0_1);
 131   4                                                      CyPins_ClearPin(RL3_CTR_P0_0);
 132   4                                                      CyPins_ClearPin(RL5_CTR_P4_0);
 133   4                                                      CyPins_ClearPin(RL6_CTR_P12_3);
 134   4                                                      CyPins_ClearPin(RL7_CTR_P12_2);
 135   4                                                      CyDelay(10);// 10 milli seconds delay
 136   4                              CyPins_SetPin(RL4_CTR_P4_1);
 137   4                              CyDelay(10);// 10 milli seconds delay
 138   4                                              break;
 139   4                                              case 0x05:                                                                      //Resistor,Continuity,Diode&Capacitor
 140   4                                                      CyPins_ClearPin(RL2_CTR_P0_1);
 141   4                                                      CyPins_ClearPin(RL3_CTR_P0_0);
 142   4                                                      CyPins_ClearPin(RL4_CTR_P4_1);
 143   4                                                      CyPins_ClearPin(RL5_CTR_P4_0);
 144   4                                                      CyPins_ClearPin(RL6_CTR_P12_3);
 145   4                                                      CyPins_ClearPin(RL7_CTR_P12_2);
 146   4                                                      CyDelay(10);// 10 milli seconds delay
 147   4                              CyPins_SetPin(RL1_CTR_P0_2);
 148   4                              CyDelay(10);// 10 milli seconds delay
 149   4                                              break;
 150   4                                              case 0x06:                                                                      //Frequency
 151   4                                                      CyPins_ClearPin(RL2_CTR_P0_1);
 152   4                                                      CyPins_ClearPin(RL4_CTR_P4_1);
 153   4                                                      CyPins_ClearPin(RL5_CTR_P4_0);
 154   4                                                      CyPins_ClearPin(RL6_CTR_P12_3);
 155   4                                                      CyPins_ClearPin(RL7_CTR_P12_2);
 156   4                              
 157   4                              CyDelay(10);// 10 milli seconds delay
 158   4                              CyPins_SetPin(RL3_CTR_P0_0);
 159   4                                                      CyDelay(10);// 10 milli seconds delay
 160   4                              CyPins_SetPin(RL1_CTR_P0_2);
 161   4                              CyDelay(10);// 10 milli seconds delay
 162   4                                              break;
 163   4                                              case 0x07:
 164   4                              CyPins_ClearPin(RL1_CTR_P0_2);
 165   4                              CyPins_ClearPin(RL2_CTR_P0_1);
 166   4                                                      CyPins_SetPin(RL3_CTR_P0_0);
 167   4                                                      CyPins_ClearPin(RL4_CTR_P4_1);
 168   4                                                      CyPins_ClearPin(RL5_CTR_P4_0);
 169   4                                                      CyPins_ClearPin(RL6_CTR_P12_3);
 170   4                                                                              
 171   4                                                      CyDelay(10);// 10 milli seconds delay
 172   4                              CyPins_SetPin(RL7_CTR_P12_2);
 173   4                              CyDelay(10);// 10 milli seconds delay
 174   4                                                      break;
 175   4                                      }
 176   3                     }
 177   2                      else if(m_u8Data == 0x07 && m_u8DataPrev==0x05){
C51 COMPILER V9.51   MAIN                                                                  05/07/2014 13:51:57 PAGE 4   

 178   3                              m_u8DataPrev = m_u8Data;
 179   3                          
 180   3                              CyPins_ClearPin(RL2_CTR_P0_1);
 181   3                                                      CyPins_ClearPin(RL3_CTR_P0_0);
 182   3                                                      CyPins_ClearPin(RL4_CTR_P4_1);
 183   3                                                      CyPins_ClearPin(RL5_CTR_P4_0);
 184   3                                                      CyPins_ClearPin(RL6_CTR_P12_3);
 185   3                                              
 186   3                              CyPins_SetPin(RL7_CTR_P12_2);
 187   3                              CyDelay(10);// 10 milli seconds delay
 188   3                      }
 189   2                  }
 190   1      //~~~~~~~~~~~~~~~~~~~~~I2C MEMORY~~~~~~~~~~~~~~~~~~~~~~~~~~~~~~~~~~~~~~~~~~~~~~~~~~~~~~~~~~~~             
             -       
 191   1      //                    I2C_1_MasterClearStatus(); /* Clear any previous status */
 192   1                          
 193   1                          //Following API writes the data from PSoC3 RAM buffer to EEPROM
 194   1                                  //SLAVE_ADDR is the slave address in this API
 195   1                              //cMessage is the pointer to array which contains the data to be written to EEPROM.
 196   1                                  //cLength is the number of bytes which have to be written to EEPROM
 197   1                                  //I2C_MODE_COMPLETE_XFER, is to send data completly before sending stop command.
 198   1                                  //The macro definition for 1) I2C_MODE_REPEAT_START = 0x01
 199   1                          //                         2) I2C_MODE_COMPLETE_XFER = 0x00
 200   1                          //                         3) I2C_MODE_NO_STOP = 0x02.
 201   1                                  //I2C_1_MasterWriteBuf(SLAVE_ADDR, cMessage, 3, I2C_1_MODE_COMPLETE_XFER);
 202   1                          
 203   1                          //wait until Transfer is complete
 204   1                                  //while((I2C_1_MasterStatus() & I2C_1_MSTAT_WR_CMPLT )==0);
 205   1                          
 206   1                          // delay to complete the write operation(twr)
 207   1                                  //CyDelay(10);
 208   1                          
 209   1                          //write a dummy byte to initialize the address word counter of 
 210   1                                  //eeprom to start address for read back operation. First location 
 211   1                                  //of cMessage array has word address.
 212   1                      
 213   1      //                          I2C_1_MasterWriteBuf(SLAVE_ADDR, dummy, 2, I2C_1_MODE_COMPLETE_XFER);
 214   1                      
 215   1                                  //wait until Transfer is complete
 216   1      //                          while((I2C_1_MasterStatus() & I2C_1_MSTAT_WR_CMPLT )==0);
 217   1                      
 218   1                                  //Delay for setting address in EEPROM
 219   1      //                          CyDelayUs(1);
 220   1                      
 221   1                                  //Read the 16 bytes from slave, staring from word address specified by iMessage
 222   1                                  //SLAVE_ADDR is the slave address in this API
 223   1                                  //cRx_Buffer is the pointer to array where data has to be stored after reading from EEPROM.
 224   1                                  //cLength-1 is the number of bytes which have to be read from EEPROM
 225   1                                  //I2C_MODE_COMPLETE_XFER, is to read data completly before sending stop command.
 226   1                      
 227   1      //                          I2C_1_MasterReadBuf(SLAVE_ADDR, cRx_Buffer,1, I2C_1_MODE_COMPLETE_XFER );
 228   1                                      
 229   1                                  //wait until Transfer is complete
 230   1      //                          while((I2C_1_MasterStatus() & I2C_1_MSTAT_RD_CMPLT )==0); */
 231   1                      
 232   1      
 233   1              }
 234          
 235          /* [] END OF FILE */
C51 COMPILER V9.51   MAIN                                                                  05/07/2014 13:51:57 PAGE 5   

ASSEMBLY LISTING OF GENERATED OBJECT CODE


             ; FUNCTION main (BEGIN)
                                           ; SOURCE LINE # 31
                                           ; SOURCE LINE # 32
                                           ; SOURCE LINE # 34
0000 900000      R     MOV     DPTR,#m_u8Data
0003 E4                CLR     A
0004 F0                MOVX    @DPTR,A
0005 900000      R     MOV     DPTR,#m_u8DataPrev
0008 740F              MOV     A,#0FH
000A F0                MOVX    @DPTR,A
                                           ; SOURCE LINE # 37
000B D2AF              SETB    EA
000D 9044F4            MOV     DPTR,#044F4H
0010 74FD              MOV     A,#0FDH
0012 F0                MOVX    @DPTR,A
                                           ; SOURCE LINE # 46
0013 905002            MOV     DPTR,#05002H
0016 E0                MOVX    A,@DPTR
0017 FF                MOV     R7,A
0018 EF                MOV     A,R7
0019 54FE              ANL     A,#0FEH
001B FF                MOV     R7,A
001C EF                MOV     A,R7
001D F0                MOVX    @DPTR,A
                                           ; SOURCE LINE # 47
001E 905001            MOV     DPTR,#05001H
0021 E0                MOVX    A,@DPTR
0022 FF                MOV     R7,A
0023 EF                MOV     A,R7
0024 54FE              ANL     A,#0FEH
0026 FF                MOV     R7,A
0027 EF                MOV     A,R7
0028 F0                MOVX    @DPTR,A
                                           ; SOURCE LINE # 48
0029 905000            MOV     DPTR,#05000H
002C E0                MOVX    A,@DPTR
002D FF                MOV     R7,A
002E EF                MOV     A,R7
002F 54FE              ANL     A,#0FEH
0031 FF                MOV     R7,A
0032 EF                MOV     A,R7
0033 F0                MOVX    @DPTR,A
                                           ; SOURCE LINE # 49
0034 905021            MOV     DPTR,#05021H
0037 E0                MOVX    A,@DPTR
0038 FF                MOV     R7,A
0039 EF                MOV     A,R7
003A 54FE              ANL     A,#0FEH
003C FF                MOV     R7,A
003D EF                MOV     A,R7
003E F0                MOVX    @DPTR,A
                                           ; SOURCE LINE # 50
003F 905020            MOV     DPTR,#05020H
0042 E0                MOVX    A,@DPTR
0043 FF                MOV     R7,A
0044 EF                MOV     A,R7
0045 54FE              ANL     A,#0FEH
0047 FF                MOV     R7,A
0048 EF                MOV     A,R7
C51 COMPILER V9.51   MAIN                                                                  05/07/2014 13:51:57 PAGE 6   

0049 F0                MOVX    @DPTR,A
                                           ; SOURCE LINE # 51
004A 905063            MOV     DPTR,#05063H
004D E0                MOVX    A,@DPTR
004E FF                MOV     R7,A
004F EF                MOV     A,R7
0050 54FE              ANL     A,#0FEH
0052 FF                MOV     R7,A
0053 EF                MOV     A,R7
0054 F0                MOVX    @DPTR,A
                                           ; SOURCE LINE # 52
0055 905062            MOV     DPTR,#05062H
0058 E0                MOVX    A,@DPTR
0059 FF                MOV     R7,A
005A EF                MOV     A,R7
005B 54FE              ANL     A,#0FEH
005D FF                MOV     R7,A
005E EF                MOV     A,R7
005F F0                MOVX    @DPTR,A
                                           ; SOURCE LINE # 55
0060 905001            MOV     DPTR,#05001H
0063 E0                MOVX    A,@DPTR
0064 FF                MOV     R7,A
0065 EF                MOV     A,R7
0066 4401              ORL     A,#01H
0068 FF                MOV     R7,A
0069 EF                MOV     A,R7
006A F0                MOVX    @DPTR,A
                                           ; SOURCE LINE # 56
006B 7F0A              MOV     R7,#0AH
006D 7E00              MOV     R6,#00H
006F 7D00              MOV     R5,#00H
0071 7C00              MOV     R4,#00H
0073 120000      E     LCALL   _?CyDelay
                                           ; SOURCE LINE # 58
0076         ?C0001:
                                           ; SOURCE LINE # 59
                                           ; SOURCE LINE # 60
0076 900000      R     MOV     DPTR,#m_u8Data
0079 E4                CLR     A
007A F0                MOVX    @DPTR,A
                                           ; SOURCE LINE # 61
007B 90507B            MOV     DPTR,#0507BH
007E E0                MOVX    A,@DPTR
007F FF                MOV     R7,A
0080 EF                MOV     A,R7
0081 5410              ANL     A,#010H
0083 FF                MOV     R7,A
0084 7E00              MOV     R6,#00H
0086 EF                MOV     A,R7
0087 4E                ORL     A,R6
0088 6010              JZ      ?C0003
                                           ; SOURCE LINE # 62
008A 900000      R     MOV     DPTR,#m_u8Data
008D E0                MOVX    A,@DPTR
008E FF                MOV     R7,A
008F EF                MOV     A,R7
0090 4401              ORL     A,#01H
0092 FF                MOV     R7,A
0093 900000      R     MOV     DPTR,#m_u8Data
0096 EF                MOV     A,R7
0097 F0                MOVX    @DPTR,A
C51 COMPILER V9.51   MAIN                                                                  05/07/2014 13:51:57 PAGE 7   

0098 800E              SJMP    ?C0004
009A         ?C0003:
                                           ; SOURCE LINE # 64
009A 900000      R     MOV     DPTR,#m_u8Data
009D E0                MOVX    A,@DPTR
009E FF                MOV     R7,A
009F EF                MOV     A,R7
00A0 4400              ORL     A,#00H
00A2 FF                MOV     R7,A
00A3 900000      R     MOV     DPTR,#m_u8Data
00A6 EF                MOV     A,R7
00A7 F0                MOVX    @DPTR,A
00A8         ?C0004:
                                           ; SOURCE LINE # 66
00A8 90507A            MOV     DPTR,#0507AH
00AB E0                MOVX    A,@DPTR
00AC FF                MOV     R7,A
00AD EF                MOV     A,R7
00AE 5410              ANL     A,#010H
00B0 FF                MOV     R7,A
00B1 7E00              MOV     R6,#00H
00B3 EF                MOV     A,R7
00B4 4E                ORL     A,R6
00B5 6010              JZ      ?C0005
                                           ; SOURCE LINE # 67
00B7 900000      R     MOV     DPTR,#m_u8Data
00BA E0                MOVX    A,@DPTR
00BB FF                MOV     R7,A
00BC EF                MOV     A,R7
00BD 4402              ORL     A,#02H
00BF FF                MOV     R7,A
00C0 900000      R     MOV     DPTR,#m_u8Data
00C3 EF                MOV     A,R7
00C4 F0                MOVX    @DPTR,A
00C5 800E              SJMP    ?C0006
00C7         ?C0005:
                                           ; SOURCE LINE # 69
00C7 900000      R     MOV     DPTR,#m_u8Data
00CA E0                MOVX    A,@DPTR
00CB FF                MOV     R7,A
00CC EF                MOV     A,R7
00CD 4400              ORL     A,#00H
00CF FF                MOV     R7,A
00D0 900000      R     MOV     DPTR,#m_u8Data
00D3 EF                MOV     A,R7
00D4 F0                MOVX    @DPTR,A
00D5         ?C0006:
                                           ; SOURCE LINE # 71
00D5 90501F            MOV     DPTR,#0501FH
00D8 E0                MOVX    A,@DPTR
00D9 FF                MOV     R7,A
00DA EF                MOV     A,R7
00DB 5410              ANL     A,#010H
00DD FF                MOV     R7,A
00DE 7E00              MOV     R6,#00H
00E0 EF                MOV     A,R7
00E1 4E                ORL     A,R6
00E2 6010              JZ      ?C0007
                                           ; SOURCE LINE # 72
00E4 900000      R     MOV     DPTR,#m_u8Data
00E7 E0                MOVX    A,@DPTR
00E8 FF                MOV     R7,A
C51 COMPILER V9.51   MAIN                                                                  05/07/2014 13:51:57 PAGE 8   

00E9 EF                MOV     A,R7
00EA 4404              ORL     A,#04H
00EC FF                MOV     R7,A
00ED 900000      R     MOV     DPTR,#m_u8Data
00F0 EF                MOV     A,R7
00F1 F0                MOVX    @DPTR,A
00F2 800E              SJMP    ?C0008
00F4         ?C0007:
                                           ; SOURCE LINE # 74
00F4 900000      R     MOV     DPTR,#m_u8Data
00F7 E0                MOVX    A,@DPTR
00F8 FF                MOV     R7,A
00F9 EF                MOV     A,R7
00FA 4400              ORL     A,#00H
00FC FF                MOV     R7,A
00FD 900000      R     MOV     DPTR,#m_u8Data
0100 EF                MOV     A,R7
0101 F0                MOVX    @DPTR,A
0102         ?C0008:
                                           ; SOURCE LINE # 77
0102 900000      R     MOV     DPTR,#m_u8DataPrev
0105 E0                MOVX    A,@DPTR
0106 FF                MOV     R7,A
0107 900000      R     MOV     DPTR,#m_u8Data
010A E0                MOVX    A,@DPTR
010B FE                MOV     R6,A
010C EE                MOV     A,R6
010D 6F                XRL     A,R7
010E 7003              JNZ     $ + 5H
0110 020000      R     LJMP    ?C0009
0113 900000      R     MOV     DPTR,#m_u8Data
0116 E0                MOVX    A,@DPTR
0117 FF                MOV     R7,A
0118 EF                MOV     A,R7
0119 6407              XRL     A,#07H
011B 7003              JNZ     $ + 5H
011D 020000      R     LJMP    ?C0009
                                           ; SOURCE LINE # 79
0120 900000      R     MOV     DPTR,#m_u8Data
0123 E0                MOVX    A,@DPTR
0124 FF                MOV     R7,A
0125 900000      R     MOV     DPTR,#m_u8DataPrev
0128 EF                MOV     A,R7
0129 F0                MOVX    @DPTR,A
                                           ; SOURCE LINE # 81
012A 900000      R     MOV     DPTR,#m_u8Data
012D E0                MOVX    A,@DPTR
012E FF                MOV     R7,A
012F EF                MOV     A,R7
0130 120000      E     LCALL   ?C?CCASE
0133 0000        R     DW      ?C0011
0135 00                DB      00H
0136 0000        R     DW      ?C0012
0138 01                DB      01H
0139 0000        R     DW      ?C0013
013B 02                DB      02H
013C 0000        R     DW      ?C0014
013E 03                DB      03H
013F 0000        R     DW      ?C0015
0141 04                DB      04H
0142 0000        R     DW      ?C0016
0144 05                DB      05H
C51 COMPILER V9.51   MAIN                                                                  05/07/2014 13:51:57 PAGE 9   

0145 0000        R     DW      ?C0017
0147 06                DB      06H
0148 0000        R     DW      ?C0018
014A 07                DB      07H
014B 0000              DW      00H
014D 0000        R     DW      ?C0001
                                           ; SOURCE LINE # 82
                                           ; SOURCE LINE # 83
014F         ?C0011:
                                           ; SOURCE LINE # 84
014F 905002            MOV     DPTR,#05002H
0152 E0                MOVX    A,@DPTR
0153 FF                MOV     R7,A
0154 EF                MOV     A,R7
0155 54FE              ANL     A,#0FEH
0157 FF                MOV     R7,A
0158 EF                MOV     A,R7
0159 F0                MOVX    @DPTR,A
                                           ; SOURCE LINE # 85
015A 905000            MOV     DPTR,#05000H
015D E0                MOVX    A,@DPTR
015E FF                MOV     R7,A
015F EF                MOV     A,R7
0160 54FE              ANL     A,#0FEH
0162 FF                MOV     R7,A
0163 EF                MOV     A,R7
0164 F0                MOVX    @DPTR,A
                                           ; SOURCE LINE # 86
0165 905021            MOV     DPTR,#05021H
0168 E0                MOVX    A,@DPTR
0169 FF                MOV     R7,A
016A EF                MOV     A,R7
016B 54FE              ANL     A,#0FEH
016D FF                MOV     R7,A
016E EF                MOV     A,R7
016F F0                MOVX    @DPTR,A
                                           ; SOURCE LINE # 87
0170 905020            MOV     DPTR,#05020H
0173 E0                MOVX    A,@DPTR
0174 FF                MOV     R7,A
0175 EF                MOV     A,R7
0176 54FE              ANL     A,#0FEH
0178 FF                MOV     R7,A
0179 EF                MOV     A,R7
017A F0                MOVX    @DPTR,A
                                           ; SOURCE LINE # 88
017B 905063            MOV     DPTR,#05063H
017E E0                MOVX    A,@DPTR
017F FF                MOV     R7,A
0180 EF                MOV     A,R7
0181 54FE              ANL     A,#0FEH
0183 FF                MOV     R7,A
0184 EF                MOV     A,R7
0185 F0                MOVX    @DPTR,A
                                           ; SOURCE LINE # 89
0186 905062            MOV     DPTR,#05062H
0189 E0                MOVX    A,@DPTR
018A FF                MOV     R7,A
018B EF                MOV     A,R7
018C 54FE              ANL     A,#0FEH
018E FF                MOV     R7,A
018F EF                MOV     A,R7
C51 COMPILER V9.51   MAIN                                                                  05/07/2014 13:51:57 PAGE 10  

0190 F0                MOVX    @DPTR,A
                                           ; SOURCE LINE # 90
0191 7F0A              MOV     R7,#0AH
0193 7E00              MOV     R6,#00H
0195 7D00              MOV     R5,#00H
0197 7C00              MOV     R4,#00H
0199 120000      E     LCALL   _?CyDelay
                                           ; SOURCE LINE # 91
019C 905001            MOV     DPTR,#05001H
019F E0                MOVX    A,@DPTR
01A0 FF                MOV     R7,A
01A1 EF                MOV     A,R7
01A2 4401              ORL     A,#01H
01A4 FF                MOV     R7,A
01A5 EF                MOV     A,R7
01A6 F0                MOVX    @DPTR,A
                                           ; SOURCE LINE # 92
01A7 7F0A              MOV     R7,#0AH
01A9 7E00              MOV     R6,#00H
01AB 7D00              MOV     R5,#00H
01AD 7C00              MOV     R4,#00H
01AF 120000      E     LCALL   _?CyDelay
                                           ; SOURCE LINE # 93
01B2 020000      R     LJMP    ?C0001
                                           ; SOURCE LINE # 95
01B5         ?C0012:
                                           ; SOURCE LINE # 96
01B5 905001            MOV     DPTR,#05001H
01B8 E0                MOVX    A,@DPTR
01B9 FF                MOV     R7,A
01BA EF                MOV     A,R7
01BB 54FE              ANL     A,#0FEH
01BD FF                MOV     R7,A
01BE EF                MOV     A,R7
01BF F0                MOVX    @DPTR,A
                                           ; SOURCE LINE # 97
01C0 905000            MOV     DPTR,#05000H
01C3 E0                MOVX    A,@DPTR
01C4 FF                MOV     R7,A
01C5 EF                MOV     A,R7
01C6 54FE              ANL     A,#0FEH
01C8 FF                MOV     R7,A
01C9 EF                MOV     A,R7
01CA F0                MOVX    @DPTR,A
                                           ; SOURCE LINE # 98
01CB 905021            MOV     DPTR,#05021H
01CE E0                MOVX    A,@DPTR
01CF FF                MOV     R7,A
01D0 EF                MOV     A,R7
01D1 54FE              ANL     A,#0FEH
01D3 FF                MOV     R7,A
01D4 EF                MOV     A,R7
01D5 F0                MOVX    @DPTR,A
                                           ; SOURCE LINE # 99
01D6 905020            MOV     DPTR,#05020H
01D9 E0                MOVX    A,@DPTR
01DA FF                MOV     R7,A
01DB EF                MOV     A,R7
01DC 54FE              ANL     A,#0FEH
01DE FF                MOV     R7,A
01DF EF                MOV     A,R7
01E0 F0                MOVX    @DPTR,A
C51 COMPILER V9.51   MAIN                                                                  05/07/2014 13:51:57 PAGE 11  

                                           ; SOURCE LINE # 100
01E1 905063            MOV     DPTR,#05063H
01E4 E0                MOVX    A,@DPTR
01E5 FF                MOV     R7,A
01E6 EF                MOV     A,R7
01E7 54FE              ANL     A,#0FEH
01E9 FF                MOV     R7,A
01EA EF                MOV     A,R7
01EB F0                MOVX    @DPTR,A
                                           ; SOURCE LINE # 101
01EC 905062            MOV     DPTR,#05062H
01EF E0                MOVX    A,@DPTR
01F0 FF                MOV     R7,A
01F1 EF                MOV     A,R7
01F2 54FE              ANL     A,#0FEH
01F4 FF                MOV     R7,A
01F5 EF                MOV     A,R7
01F6 F0                MOVX    @DPTR,A
                                           ; SOURCE LINE # 102
01F7 7F0A              MOV     R7,#0AH
01F9 7E00              MOV     R6,#00H
01FB 7D00              MOV     R5,#00H
01FD 7C00              MOV     R4,#00H
01FF 120000      E     LCALL   _?CyDelay
                                           ; SOURCE LINE # 103
0202 905002            MOV     DPTR,#05002H
0205 E0                MOVX    A,@DPTR
0206 FF                MOV     R7,A
0207 EF                MOV     A,R7
0208 4401              ORL     A,#01H
020A FF                MOV     R7,A
020B EF                MOV     A,R7
020C F0                MOVX    @DPTR,A
                                           ; SOURCE LINE # 104
020D 7F0A              MOV     R7,#0AH
020F 7E00              MOV     R6,#00H
0211 7D00              MOV     R5,#00H
0213 7C00              MOV     R4,#00H
0215 120000      E     LCALL   _?CyDelay
                                           ; SOURCE LINE # 105
0218 020000      R     LJMP    ?C0001
                                           ; SOURCE LINE # 106
021B         ?C0013:
                                           ; SOURCE LINE # 107
021B 905002            MOV     DPTR,#05002H
021E E0                MOVX    A,@DPTR
021F FF                MOV     R7,A
0220 EF                MOV     A,R7
0221 54FE              ANL     A,#0FEH
0223 FF                MOV     R7,A
0224 EF                MOV     A,R7
0225 F0                MOVX    @DPTR,A
                                           ; SOURCE LINE # 108
0226 905001            MOV     DPTR,#05001H
0229 E0                MOVX    A,@DPTR
022A FF                MOV     R7,A
022B EF                MOV     A,R7
022C 54FE              ANL     A,#0FEH
022E FF                MOV     R7,A
022F EF                MOV     A,R7
0230 F0                MOVX    @DPTR,A
                                           ; SOURCE LINE # 109
C51 COMPILER V9.51   MAIN                                                                  05/07/2014 13:51:57 PAGE 12  

0231 905000            MOV     DPTR,#05000H
0234 E0                MOVX    A,@DPTR
0235 FF                MOV     R7,A
0236 EF                MOV     A,R7
0237 54FE              ANL     A,#0FEH
0239 FF                MOV     R7,A
023A EF                MOV     A,R7
023B F0                MOVX    @DPTR,A
                                           ; SOURCE LINE # 110
023C 905021            MOV     DPTR,#05021H
023F E0                MOVX    A,@DPTR
0240 FF                MOV     R7,A
0241 EF                MOV     A,R7
0242 54FE              ANL     A,#0FEH
0244 FF                MOV     R7,A
0245 EF                MOV     A,R7
0246 F0                MOVX    @DPTR,A
                                           ; SOURCE LINE # 111
0247 905020            MOV     DPTR,#05020H
024A E0                MOVX    A,@DPTR
024B FF                MOV     R7,A
024C EF                MOV     A,R7
024D 54FE              ANL     A,#0FEH
024F FF                MOV     R7,A
0250 EF                MOV     A,R7
0251 F0                MOVX    @DPTR,A
                                           ; SOURCE LINE # 112
0252 905062            MOV     DPTR,#05062H
0255 E0                MOVX    A,@DPTR
0256 FF                MOV     R7,A
0257 EF                MOV     A,R7
0258 54FE              ANL     A,#0FEH
025A FF                MOV     R7,A
025B EF                MOV     A,R7
025C F0                MOVX    @DPTR,A
                                           ; SOURCE LINE # 113
025D 7F0A              MOV     R7,#0AH
025F 7E00              MOV     R6,#00H
0261 7D00              MOV     R5,#00H
0263 7C00              MOV     R4,#00H
0265 120000      E     LCALL   _?CyDelay
                                           ; SOURCE LINE # 114
0268 905063            MOV     DPTR,#05063H
026B E0                MOVX    A,@DPTR
026C FF                MOV     R7,A
026D EF                MOV     A,R7
026E 4401              ORL     A,#01H
0270 FF                MOV     R7,A
0271 EF                MOV     A,R7
0272 F0                MOVX    @DPTR,A
                                           ; SOURCE LINE # 115
0273 7F0A              MOV     R7,#0AH
0275 7E00              MOV     R6,#00H
0277 7D00              MOV     R5,#00H
0279 7C00              MOV     R4,#00H
027B 120000      E     LCALL   _?CyDelay
                                           ; SOURCE LINE # 116
027E 020000      R     LJMP    ?C0001
                                           ; SOURCE LINE # 117
0281         ?C0014:
                                           ; SOURCE LINE # 118
0281 905002            MOV     DPTR,#05002H
C51 COMPILER V9.51   MAIN                                                                  05/07/2014 13:51:57 PAGE 13  

0284 E0                MOVX    A,@DPTR
0285 FF                MOV     R7,A
0286 EF                MOV     A,R7
0287 54FE              ANL     A,#0FEH
0289 FF                MOV     R7,A
028A EF                MOV     A,R7
028B F0                MOVX    @DPTR,A
                                           ; SOURCE LINE # 119
028C 905001            MOV     DPTR,#05001H
028F E0                MOVX    A,@DPTR
0290 FF                MOV     R7,A
0291 EF                MOV     A,R7
0292 54FE              ANL     A,#0FEH
0294 FF                MOV     R7,A
0295 EF                MOV     A,R7
0296 F0                MOVX    @DPTR,A
                                           ; SOURCE LINE # 120
0297 905000            MOV     DPTR,#05000H
029A E0                MOVX    A,@DPTR
029B FF                MOV     R7,A
029C EF                MOV     A,R7
029D 54FE              ANL     A,#0FEH
029F FF                MOV     R7,A
02A0 EF                MOV     A,R7
02A1 F0                MOVX    @DPTR,A
                                           ; SOURCE LINE # 121
02A2 905021            MOV     DPTR,#05021H
02A5 E0                MOVX    A,@DPTR
02A6 FF                MOV     R7,A
02A7 EF                MOV     A,R7
02A8 54FE              ANL     A,#0FEH
02AA FF                MOV     R7,A
02AB EF                MOV     A,R7
02AC F0                MOVX    @DPTR,A
                                           ; SOURCE LINE # 122
02AD 905063            MOV     DPTR,#05063H
02B0 E0                MOVX    A,@DPTR
02B1 FF                MOV     R7,A
02B2 EF                MOV     A,R7
02B3 54FE              ANL     A,#0FEH
02B5 FF                MOV     R7,A
02B6 EF                MOV     A,R7
02B7 F0                MOVX    @DPTR,A
                                           ; SOURCE LINE # 123
02B8 905062            MOV     DPTR,#05062H
02BB E0                MOVX    A,@DPTR
02BC FF                MOV     R7,A
02BD EF                MOV     A,R7
02BE 54FE              ANL     A,#0FEH
02C0 FF                MOV     R7,A
02C1 EF                MOV     A,R7
02C2 F0                MOVX    @DPTR,A
                                           ; SOURCE LINE # 124
02C3 7F0A              MOV     R7,#0AH
02C5 7E00              MOV     R6,#00H
02C7 7D00              MOV     R5,#00H
02C9 7C00              MOV     R4,#00H
02CB 120000      E     LCALL   _?CyDelay
                                           ; SOURCE LINE # 125
02CE 905020            MOV     DPTR,#05020H
02D1 E0                MOVX    A,@DPTR
02D2 FF                MOV     R7,A
C51 COMPILER V9.51   MAIN                                                                  05/07/2014 13:51:57 PAGE 14  

02D3 EF                MOV     A,R7
02D4 4401              ORL     A,#01H
02D6 FF                MOV     R7,A
02D7 EF                MOV     A,R7
02D8 F0                MOVX    @DPTR,A
                                           ; SOURCE LINE # 126
02D9 7F0A              MOV     R7,#0AH
02DB 7E00              MOV     R6,#00H
02DD 7D00              MOV     R5,#00H
02DF 7C00              MOV     R4,#00H
02E1 120000      E     LCALL   _?CyDelay
                                           ; SOURCE LINE # 127
02E4 020000      R     LJMP    ?C0001
                                           ; SOURCE LINE # 128
02E7         ?C0015:
                                           ; SOURCE LINE # 129
02E7 905002            MOV     DPTR,#05002H
02EA E0                MOVX    A,@DPTR
02EB FF                MOV     R7,A
02EC EF                MOV     A,R7
02ED 54FE              ANL     A,#0FEH
02EF FF                MOV     R7,A
02F0 EF                MOV     A,R7
02F1 F0                MOVX    @DPTR,A
                                           ; SOURCE LINE # 130
02F2 905001            MOV     DPTR,#05001H
02F5 E0                MOVX    A,@DPTR
02F6 FF                MOV     R7,A
02F7 EF                MOV     A,R7
02F8 54FE              ANL     A,#0FEH
02FA FF                MOV     R7,A
02FB EF                MOV     A,R7
02FC F0                MOVX    @DPTR,A
                                           ; SOURCE LINE # 131
02FD 905000            MOV     DPTR,#05000H
0300 E0                MOVX    A,@DPTR
0301 FF                MOV     R7,A
0302 EF                MOV     A,R7
0303 54FE              ANL     A,#0FEH
0305 FF                MOV     R7,A
0306 EF                MOV     A,R7
0307 F0                MOVX    @DPTR,A
                                           ; SOURCE LINE # 132
0308 905020            MOV     DPTR,#05020H
030B E0                MOVX    A,@DPTR
030C FF                MOV     R7,A
030D EF                MOV     A,R7
030E 54FE              ANL     A,#0FEH
0310 FF                MOV     R7,A
0311 EF                MOV     A,R7
0312 F0                MOVX    @DPTR,A
                                           ; SOURCE LINE # 133
0313 905063            MOV     DPTR,#05063H
0316 E0                MOVX    A,@DPTR
0317 FF                MOV     R7,A
0318 EF                MOV     A,R7
0319 54FE              ANL     A,#0FEH
031B FF                MOV     R7,A
031C EF                MOV     A,R7
031D F0                MOVX    @DPTR,A
                                           ; SOURCE LINE # 134
031E 905062            MOV     DPTR,#05062H
C51 COMPILER V9.51   MAIN                                                                  05/07/2014 13:51:57 PAGE 15  

0321 E0                MOVX    A,@DPTR
0322 FF                MOV     R7,A
0323 EF                MOV     A,R7
0324 54FE              ANL     A,#0FEH
0326 FF                MOV     R7,A
0327 EF                MOV     A,R7
0328 F0                MOVX    @DPTR,A
                                           ; SOURCE LINE # 135
0329 7F0A              MOV     R7,#0AH
032B 7E00              MOV     R6,#00H
032D 7D00              MOV     R5,#00H
032F 7C00              MOV     R4,#00H
0331 120000      E     LCALL   _?CyDelay
                                           ; SOURCE LINE # 136
0334 905021            MOV     DPTR,#05021H
0337 E0                MOVX    A,@DPTR
0338 FF                MOV     R7,A
0339 EF                MOV     A,R7
033A 4401              ORL     A,#01H
033C FF                MOV     R7,A
033D EF                MOV     A,R7
033E F0                MOVX    @DPTR,A
                                           ; SOURCE LINE # 137
033F 7F0A              MOV     R7,#0AH
0341 7E00              MOV     R6,#00H
0343 7D00              MOV     R5,#00H
0345 7C00              MOV     R4,#00H
0347 120000      E     LCALL   _?CyDelay
                                           ; SOURCE LINE # 138
034A 020000      R     LJMP    ?C0001
                                           ; SOURCE LINE # 139
034D         ?C0016:
                                           ; SOURCE LINE # 140
034D 905001            MOV     DPTR,#05001H
0350 E0                MOVX    A,@DPTR
0351 FF                MOV     R7,A
0352 EF                MOV     A,R7
0353 54FE              ANL     A,#0FEH
0355 FF                MOV     R7,A
0356 EF                MOV     A,R7
0357 F0                MOVX    @DPTR,A
                                           ; SOURCE LINE # 141
0358 905000            MOV     DPTR,#05000H
035B E0                MOVX    A,@DPTR
035C FF                MOV     R7,A
035D EF                MOV     A,R7
035E 54FE              ANL     A,#0FEH
0360 FF                MOV     R7,A
0361 EF                MOV     A,R7
0362 F0                MOVX    @DPTR,A
                                           ; SOURCE LINE # 142
0363 905021            MOV     DPTR,#05021H
0366 E0                MOVX    A,@DPTR
0367 FF                MOV     R7,A
0368 EF                MOV     A,R7
0369 54FE              ANL     A,#0FEH
036B FF                MOV     R7,A
036C EF                MOV     A,R7
036D F0                MOVX    @DPTR,A
                                           ; SOURCE LINE # 143
036E 905020            MOV     DPTR,#05020H
0371 E0                MOVX    A,@DPTR
C51 COMPILER V9.51   MAIN                                                                  05/07/2014 13:51:57 PAGE 16  

0372 FF                MOV     R7,A
0373 EF                MOV     A,R7
0374 54FE              ANL     A,#0FEH
0376 FF                MOV     R7,A
0377 EF                MOV     A,R7
0378 F0                MOVX    @DPTR,A
                                           ; SOURCE LINE # 144
0379 905063            MOV     DPTR,#05063H
037C E0                MOVX    A,@DPTR
037D FF                MOV     R7,A
037E EF                MOV     A,R7
037F 54FE              ANL     A,#0FEH
0381 FF                MOV     R7,A
0382 EF                MOV     A,R7
0383 F0                MOVX    @DPTR,A
                                           ; SOURCE LINE # 145
0384 905062            MOV     DPTR,#05062H
0387 E0                MOVX    A,@DPTR
0388 FF                MOV     R7,A
0389 EF                MOV     A,R7
038A 54FE              ANL     A,#0FEH
038C FF                MOV     R7,A
038D EF                MOV     A,R7
038E F0                MOVX    @DPTR,A
                                           ; SOURCE LINE # 146
038F 7F0A              MOV     R7,#0AH
0391 7E00              MOV     R6,#00H
0393 7D00              MOV     R5,#00H
0395 7C00              MOV     R4,#00H
0397 120000      E     LCALL   _?CyDelay
                                           ; SOURCE LINE # 147
039A 905002            MOV     DPTR,#05002H
039D E0                MOVX    A,@DPTR
039E FF                MOV     R7,A
039F EF                MOV     A,R7
03A0 4401              ORL     A,#01H
03A2 FF                MOV     R7,A
03A3 EF                MOV     A,R7
03A4 F0                MOVX    @DPTR,A
                                           ; SOURCE LINE # 148
03A5 7F0A              MOV     R7,#0AH
03A7 7E00              MOV     R6,#00H
03A9 7D00              MOV     R5,#00H
03AB 7C00              MOV     R4,#00H
03AD 120000      E     LCALL   _?CyDelay
                                           ; SOURCE LINE # 149
03B0 020000      R     LJMP    ?C0001
                                           ; SOURCE LINE # 150
03B3         ?C0017:
                                           ; SOURCE LINE # 151
03B3 905001            MOV     DPTR,#05001H
03B6 E0                MOVX    A,@DPTR
03B7 FF                MOV     R7,A
03B8 EF                MOV     A,R7
03B9 54FE              ANL     A,#0FEH
03BB FF                MOV     R7,A
03BC EF                MOV     A,R7
03BD F0                MOVX    @DPTR,A
                                           ; SOURCE LINE # 152
03BE 905021            MOV     DPTR,#05021H
03C1 E0                MOVX    A,@DPTR
03C2 FF                MOV     R7,A
C51 COMPILER V9.51   MAIN                                                                  05/07/2014 13:51:57 PAGE 17  

03C3 EF                MOV     A,R7
03C4 54FE              ANL     A,#0FEH
03C6 FF                MOV     R7,A
03C7 EF                MOV     A,R7
03C8 F0                MOVX    @DPTR,A
                                           ; SOURCE LINE # 153
03C9 905020            MOV     DPTR,#05020H
03CC E0                MOVX    A,@DPTR
03CD FF                MOV     R7,A
03CE EF                MOV     A,R7
03CF 54FE              ANL     A,#0FEH
03D1 FF                MOV     R7,A
03D2 EF                MOV     A,R7
03D3 F0                MOVX    @DPTR,A
                                           ; SOURCE LINE # 154
03D4 905063            MOV     DPTR,#05063H
03D7 E0                MOVX    A,@DPTR
03D8 FF                MOV     R7,A
03D9 EF                MOV     A,R7
03DA 54FE              ANL     A,#0FEH
03DC FF                MOV     R7,A
03DD EF                MOV     A,R7
03DE F0                MOVX    @DPTR,A
                                           ; SOURCE LINE # 155
03DF 905062            MOV     DPTR,#05062H
03E2 E0                MOVX    A,@DPTR
03E3 FF                MOV     R7,A
03E4 EF                MOV     A,R7
03E5 54FE              ANL     A,#0FEH
03E7 FF                MOV     R7,A
03E8 EF                MOV     A,R7
03E9 F0                MOVX    @DPTR,A
                                           ; SOURCE LINE # 157
03EA 7F0A              MOV     R7,#0AH
03EC 7E00              MOV     R6,#00H
03EE 7D00              MOV     R5,#00H
03F0 7C00              MOV     R4,#00H
03F2 120000      E     LCALL   _?CyDelay
                                           ; SOURCE LINE # 158
03F5 905000            MOV     DPTR,#05000H
03F8 E0                MOVX    A,@DPTR
03F9 FF                MOV     R7,A
03FA EF                MOV     A,R7
03FB 4401              ORL     A,#01H
03FD FF                MOV     R7,A
03FE EF                MOV     A,R7
03FF F0                MOVX    @DPTR,A
                                           ; SOURCE LINE # 159
0400 7F0A              MOV     R7,#0AH
0402 7E00              MOV     R6,#00H
0404 7D00              MOV     R5,#00H
0406 7C00              MOV     R4,#00H
0408 120000      E     LCALL   _?CyDelay
                                           ; SOURCE LINE # 160
040B 905002            MOV     DPTR,#05002H
040E E0                MOVX    A,@DPTR
040F FF                MOV     R7,A
0410 EF                MOV     A,R7
0411 4401              ORL     A,#01H
0413 FF                MOV     R7,A
0414 EF                MOV     A,R7
0415 F0                MOVX    @DPTR,A
C51 COMPILER V9.51   MAIN                                                                  05/07/2014 13:51:57 PAGE 18  

                                           ; SOURCE LINE # 161
0416 7F0A              MOV     R7,#0AH
0418 7E00              MOV     R6,#00H
041A 7D00              MOV     R5,#00H
041C 7C00              MOV     R4,#00H
041E 120000      E     LCALL   _?CyDelay
                                           ; SOURCE LINE # 162
0421 020000      R     LJMP    ?C0001
                                           ; SOURCE LINE # 163
0424         ?C0018:
                                           ; SOURCE LINE # 164
0424 905002            MOV     DPTR,#05002H
0427 E0                MOVX    A,@DPTR
0428 FF                MOV     R7,A
0429 EF                MOV     A,R7
042A 54FE              ANL     A,#0FEH
042C FF                MOV     R7,A
042D EF                MOV     A,R7
042E F0                MOVX    @DPTR,A
                                           ; SOURCE LINE # 165
042F 905001            MOV     DPTR,#05001H
0432 E0                MOVX    A,@DPTR
0433 FF                MOV     R7,A
0434 EF                MOV     A,R7
0435 54FE              ANL     A,#0FEH
0437 FF                MOV     R7,A
0438 EF                MOV     A,R7
0439 F0                MOVX    @DPTR,A
                                           ; SOURCE LINE # 166
043A 905000            MOV     DPTR,#05000H
043D E0                MOVX    A,@DPTR
043E FF                MOV     R7,A
043F EF                MOV     A,R7
0440 4401              ORL     A,#01H
0442 FF                MOV     R7,A
0443 EF                MOV     A,R7
0444 F0                MOVX    @DPTR,A
                                           ; SOURCE LINE # 167
0445 905021            MOV     DPTR,#05021H
0448 E0                MOVX    A,@DPTR
0449 FF                MOV     R7,A
044A EF                MOV     A,R7
044B 54FE              ANL     A,#0FEH
044D FF                MOV     R7,A
044E EF                MOV     A,R7
044F F0                MOVX    @DPTR,A
                                           ; SOURCE LINE # 168
0450 905020            MOV     DPTR,#05020H
0453 E0                MOVX    A,@DPTR
0454 FF                MOV     R7,A
0455 EF                MOV     A,R7
0456 54FE              ANL     A,#0FEH
0458 FF                MOV     R7,A
0459 EF                MOV     A,R7
045A F0                MOVX    @DPTR,A
                                           ; SOURCE LINE # 169
045B 905063            MOV     DPTR,#05063H
045E E0                MOVX    A,@DPTR
045F FF                MOV     R7,A
0460 EF                MOV     A,R7
0461 54FE              ANL     A,#0FEH
0463 FF                MOV     R7,A
C51 COMPILER V9.51   MAIN                                                                  05/07/2014 13:51:57 PAGE 19  

0464 EF                MOV     A,R7
0465 F0                MOVX    @DPTR,A
                                           ; SOURCE LINE # 171
0466 7F0A              MOV     R7,#0AH
0468 7E00              MOV     R6,#00H
046A 7D00              MOV     R5,#00H
046C 7C00              MOV     R4,#00H
046E 120000      E     LCALL   _?CyDelay
                                           ; SOURCE LINE # 172
0471 905062            MOV     DPTR,#05062H
0474 E0                MOVX    A,@DPTR
0475 FF                MOV     R7,A
0476 EF                MOV     A,R7
0477 4401              ORL     A,#01H
0479 FF                MOV     R7,A
047A EF                MOV     A,R7
047B F0                MOVX    @DPTR,A
                                           ; SOURCE LINE # 173
047C 7F0A              MOV     R7,#0AH
047E 7E00              MOV     R6,#00H
0480 7D00              MOV     R5,#00H
0482 7C00              MOV     R4,#00H
0484 120000      E     LCALL   _?CyDelay
                                           ; SOURCE LINE # 174
0487 020000      R     LJMP    ?C0001
                                           ; SOURCE LINE # 175
                                           ; SOURCE LINE # 176
048A 020000      R     LJMP    ?C0001
048D         ?C0009:
                                           ; SOURCE LINE # 177
048D 900000      R     MOV     DPTR,#m_u8Data
0490 E0                MOVX    A,@DPTR
0491 FF                MOV     R7,A
0492 EF                MOV     A,R7
0493 6407              XRL     A,#07H
0495 6003              JZ      $ + 5H
0497 020000      R     LJMP    ?C0001
049A 900000      R     MOV     DPTR,#m_u8DataPrev
049D E0                MOVX    A,@DPTR
049E FF                MOV     R7,A
049F EF                MOV     A,R7
04A0 6405              XRL     A,#05H
04A2 6003              JZ      $ + 5H
04A4 020000      R     LJMP    ?C0001
                                           ; SOURCE LINE # 178
04A7 900000      R     MOV     DPTR,#m_u8Data
04AA E0                MOVX    A,@DPTR
04AB FF                MOV     R7,A
04AC 900000      R     MOV     DPTR,#m_u8DataPrev
04AF EF                MOV     A,R7
04B0 F0                MOVX    @DPTR,A
                                           ; SOURCE LINE # 180
04B1 905001            MOV     DPTR,#05001H
04B4 E0                MOVX    A,@DPTR
04B5 FF                MOV     R7,A
04B6 EF                MOV     A,R7
04B7 54FE              ANL     A,#0FEH
04B9 FF                MOV     R7,A
04BA EF                MOV     A,R7
04BB F0                MOVX    @DPTR,A
                                           ; SOURCE LINE # 181
04BC 905000            MOV     DPTR,#05000H
C51 COMPILER V9.51   MAIN                                                                  05/07/2014 13:51:57 PAGE 20  

04BF E0                MOVX    A,@DPTR
04C0 FF                MOV     R7,A
04C1 EF                MOV     A,R7
04C2 54FE              ANL     A,#0FEH
04C4 FF                MOV     R7,A
04C5 EF                MOV     A,R7
04C6 F0                MOVX    @DPTR,A
                                           ; SOURCE LINE # 182
04C7 905021            MOV     DPTR,#05021H
04CA E0                MOVX    A,@DPTR
04CB FF                MOV     R7,A
04CC EF                MOV     A,R7
04CD 54FE              ANL     A,#0FEH
04CF FF                MOV     R7,A
04D0 EF                MOV     A,R7
04D1 F0                MOVX    @DPTR,A
                                           ; SOURCE LINE # 183
04D2 905020            MOV     DPTR,#05020H
04D5 E0                MOVX    A,@DPTR
04D6 FF                MOV     R7,A
04D7 EF                MOV     A,R7
04D8 54FE              ANL     A,#0FEH
04DA FF                MOV     R7,A
04DB EF                MOV     A,R7
04DC F0                MOVX    @DPTR,A
                                           ; SOURCE LINE # 184
04DD 905063            MOV     DPTR,#05063H
04E0 E0                MOVX    A,@DPTR
04E1 FF                MOV     R7,A
04E2 EF                MOV     A,R7
04E3 54FE              ANL     A,#0FEH
04E5 FF                MOV     R7,A
04E6 EF                MOV     A,R7
04E7 F0                MOVX    @DPTR,A
                                           ; SOURCE LINE # 186
04E8 905062            MOV     DPTR,#05062H
04EB E0                MOVX    A,@DPTR
04EC FF                MOV     R7,A
04ED EF                MOV     A,R7
04EE 4401              ORL     A,#01H
04F0 FF                MOV     R7,A
04F1 EF                MOV     A,R7
04F2 F0                MOVX    @DPTR,A
                                           ; SOURCE LINE # 187
04F3 7F0A              MOV     R7,#0AH
04F5 7E00              MOV     R6,#00H
04F7 7D00              MOV     R5,#00H
04F9 7C00              MOV     R4,#00H
04FB 120000      E     LCALL   _?CyDelay
                                           ; SOURCE LINE # 188
                                           ; SOURCE LINE # 189
04FE 020000      R     LJMP    ?C0001
0501 22                RET     
             ; FUNCTION main (END)



MODULE INFORMATION:   STATIC OVERLAYABLE
   CODE SIZE        =   1282    ----
   CONSTANT SIZE    =   ----    ----
   XDATA SIZE       =   ----       2
   PDATA SIZE       =   ----    ----
C51 COMPILER V9.51   MAIN                                                                  05/07/2014 13:51:57 PAGE 21  

   DATA SIZE        =   ----    ----
   IDATA SIZE       =   ----    ----
   BIT SIZE         =   ----    ----
   EDATA SIZE       =   ----    ----
   HDATA SIZE       =   ----    ----
   XDATA CONST SIZE =   ----    ----
   FAR CONST SIZE   =   ----    ----
END OF MODULE INFORMATION.


C51 COMPILATION COMPLETE.  0 WARNING(S),  0 ERROR(S)
